# Black Box Test 1 commands

# Create some graphs
created graph G1
created graph G2
created graph g
created graph 1

# Create some nodes
created node n1 with cost 1
created node n2 with cost 2
created node n3 with cost 1

# Add some nodes to graph G1
added node n1 to G1
added node n2 to G1

# Try to add the node n1 to graph G1
Node already exists in graph.

# Add the node n3 to graph G1
added node n3 to G1

# Add some nodes to graph 1
added node n1 to 1
added node n2 to 1
